// Jest Snapshot v1, https://jestjs.io/docs/snapshot-testing

exports[`ProviderCreatePage should create 1`] = `
<ng-component
  activeStep={[Function Function]}
  breadcrumb={[Function Array]}
  detailBadges={[Function Function]}
  form={[Function FormGroup]}
  homeBreadcrumb={[Function Object]}
  providerService={[Function ProviderServiceStub]}
  router={[Function _Router]}
  steps={[Function StepPageControl]}
  toastService={[Function Object]}
  webPattern={[Function RegExp]}
>
  <form
    class="ng-untouched ng-pristine ng-invalid"
    novalidate=""
  >
    <div
      class="flex flex-column surface-section mx-6 hall min-vh-80"
    >
      <div
        class="col-12 p-4 flex flex-column"
      >
        <span
          class="hall-icon text-indigo-600"
        >
          <i
            class="fas fa-truck"
          />
        </span>
        <span
          class="watermark text-indigo-600"
        >
          <i
            class="fas fa-truck"
          />
        </span>
        <div
          class="flex flex-row gap-3 justify-content-between"
        >
          <div
            class="flex flex-column gap-2"
          >
            <div
              class="flex"
            >
              <p-breadcrumb
                class="max-w-full"
                pc1=""
              >
                <nav
                  class="p-breadcrumb p-component"
                  data-pc-name="breadcrumb"
                  data-pc-section="root"
                >
                  <ol
                    class="p-breadcrumb-list"
                    data-pc-section="menu"
                  >
                    <li
                      class="p-breadcrumb-home-item"
                      data-pc-section="home"
                      pc32=""
                      ptooltip=""
                    >
                      <a
                        class="p-breadcrumb-item-link"
                        href="/"
                        tabindex="0"
                      >
                        <span
                          class="p-breadcrumb-item-icon fas fa-home"
                        />
                      </a>
                    </li>
                    <li
                      class="p-breadcrumb-separator"
                      data-pc-section="separator"
                    >
                      <chevronrighticon
                        class="p-component p-iconwrapper"
                        pc33=""
                      >
                        <svg
                          aria-hidden="true"
                          class="p-icon"
                          fill="none"
                          height="14"
                          viewBox="0 0 14 14"
                          width="14"
                          xmlns="http://www.w3.org/2000/svg"
                        >
                          <path
                            d="M4.38708 13C4.28408 13.0005 4.18203 12.9804 4.08691 12.9409C3.99178 12.9014 3.9055 12.8433 3.83313 12.7701C3.68634 12.6231 3.60388 12.4238 3.60388 12.2161C3.60388 12.0084 3.68634 11.8091 3.83313 11.6622L8.50507 6.99022L3.83313 2.31827C3.69467 2.16968 3.61928 1.97313 3.62287 1.77005C3.62645 1.56698 3.70872 1.37322 3.85234 1.22959C3.99596 1.08597 4.18972 1.00371 4.3928 1.00012C4.59588 0.996539 4.79242 1.07192 4.94102 1.21039L10.1669 6.43628C10.3137 6.58325 10.3962 6.78249 10.3962 6.99022C10.3962 7.19795 10.3137 7.39718 10.1669 7.54416L4.94102 12.7701C4.86865 12.8433 4.78237 12.9014 4.68724 12.9409C4.59212 12.9804 4.49007 13.0005 4.38708 13Z"
                            fill="currentColor"
                          />
                        </svg>
                      </chevronrighticon>
                    </li>
                    <li
                      class="p-breadcrumb-item"
                      data-pc-section="menuitem"
                      pc34=""
                      ptooltip=""
                    >
                      <a
                        class="p-breadcrumb-item-link"
                        href="/providers"
                        tabindex="0"
                      >
                        <span
                          class="p-breadcrumb-item-label"
                        >
                          Proveedores
                        </span>
                      </a>
                    </li>
                    <li
                      class="p-breadcrumb-separator"
                      data-pc-section="separator"
                    >
                      <chevronrighticon
                        class="p-component p-iconwrapper"
                        pc35=""
                      >
                        <svg
                          aria-hidden="true"
                          class="p-icon"
                          fill="none"
                          height="14"
                          viewBox="0 0 14 14"
                          width="14"
                          xmlns="http://www.w3.org/2000/svg"
                        >
                          <path
                            d="M4.38708 13C4.28408 13.0005 4.18203 12.9804 4.08691 12.9409C3.99178 12.9014 3.9055 12.8433 3.83313 12.7701C3.68634 12.6231 3.60388 12.4238 3.60388 12.2161C3.60388 12.0084 3.68634 11.8091 3.83313 11.6622L8.50507 6.99022L3.83313 2.31827C3.69467 2.16968 3.61928 1.97313 3.62287 1.77005C3.62645 1.56698 3.70872 1.37322 3.85234 1.22959C3.99596 1.08597 4.18972 1.00371 4.3928 1.00012C4.59588 0.996539 4.79242 1.07192 4.94102 1.21039L10.1669 6.43628C10.3137 6.58325 10.3962 6.78249 10.3962 6.99022C10.3962 7.19795 10.3137 7.39718 10.1669 7.54416L4.94102 12.7701C4.86865 12.8433 4.78237 12.9014 4.68724 12.9409C4.59212 12.9804 4.49007 13.0005 4.38708 13Z"
                            fill="currentColor"
                          />
                        </svg>
                      </chevronrighticon>
                    </li>
                    <li
                      class="text-xl font-bold p-breadcrumb-item"
                      data-pc-section="menuitem"
                      pc36=""
                      ptooltip=""
                    >
                      <a
                        class="p-breadcrumb-item-link"
                        tabindex="0"
                        target="undefined"
                      >
                        <span
                          class="p-breadcrumb-item-label"
                        >
                          Crear Proveedor
                        </span>
                      </a>
                    </li>
                  </ol>
                </nav>
              </p-breadcrumb>
            </div>
          </div>
          <div
            class="flex flex-row gap-2 align-items-center"
          >
            <p-button
              icon="fas fa-xmark"
              label="Salir"
              pc2=""
              severity="secondary"
              size="small"
              tabindex="0"
            >
              <button
                class="p-ripple p-button p-component p-button-secondary p-button-text p-button-sm"
                data-pc-name="button"
                data-pc-section="root"
                pc24=""
                pc25=""
                pripple=""
                type="button"
              >
                <span
                  class="fas fa-xmark p-button-icon p-button-icon-left"
                  data-pc-section="icon"
                />
                <span
                  aria-hidden="false"
                  class="p-button-label"
                  data-pc-section="label"
                >
                  Salir
                </span>
              </button>
            </p-button>
          </div>
        </div>
      </div>
      <div
        class="col-offset-4 col-4"
      >
        <div
          class="card"
        >
          <p-steps
            pc3=""
          >
            <nav
              class="p-steps p-component p-readonly"
              data-pc-name="steps"
            >
              <ul
                class="p-steps-list"
                data-pc-section="menu"
              >
                <li
                  aria-current="step"
                  class="p-steps-item p-steps-item-active"
                  data-pc-section="menuitem"
                  pc37=""
                  ptooltip=""
                >
                  <a
                    aria-disabled="false"
                    aria-expanded="true"
                    ariacurrentwhenactive="step"
                    class="p-steps-item-link"
                    role="link"
                    tabindex="0"
                    target="undefined"
                  >
                    <span
                      class="p-steps-item-number"
                    >
                      1
                    </span>
                    <span
                      class="p-steps-item-label"
                    >
                      Detalle y Contacto
                    </span>
                  </a>
                </li>
                <li
                  class="p-steps-item p-disabled"
                  data-pc-section="menuitem"
                  pc38=""
                  ptooltip=""
                >
                  <a
                    aria-disabled="true"
                    aria-expanded="false"
                    ariacurrentwhenactive="step"
                    class="p-steps-item-link"
                    role="link"
                    tabindex="-1"
                    target="undefined"
                  >
                    <span
                      class="p-steps-item-number"
                    >
                      2
                    </span>
                    <span
                      class="p-steps-item-label"
                    >
                      Dirección
                    </span>
                  </a>
                </li>
              </ul>
            </nav>
          </p-steps>
        </div>
      </div>
      <div
        class="col-12 flex flex-column gap-4 px-6 py-4"
      >
        <div
          class="grid align-content-start"
        >
          <div
            class="col-10 col-offset-1 grid align-content-start"
          >
            <h3
              class="flex flex-row gap-2 text-indigo-400 text-2xl"
            >
              <fa-icon
                class="ng-fa-icon"
                icon="circle-info"
              >
                <svg
                  aria-hidden="true"
                  class="svg-inline--fa fa-circle-info"
                  data-icon="circle-info"
                  data-prefix="fas"
                  focusable="false"
                  role="img"
                  viewBox="0 0 512 512"
                  xmlns="http://www.w3.org/2000/svg"
                >
                  <path
                    d="M256 512a256 256 0 1 0 0-512 256 256 0 1 0 0 512zM224 160a32 32 0 1 1 64 0 32 32 0 1 1 -64 0zm-8 64l48 0c13.3 0 24 10.7 24 24l0 88 8 0c13.3 0 24 10.7 24 24s-10.7 24-24 24l-80 0c-13.3 0-24-10.7-24-24s10.7-24 24-24l24 0 0-64-24 0c-13.3 0-24-10.7-24-24s10.7-24 24-24z"
                    fill="currentColor"
                  />
                </svg>
              </fa-icon>
              <span>
                Detalle
              </span>
            </h3>
            <div
              class="col-12 grid align-content-start"
            >
              <div
                class="col-12 lg:col-6 flex flex-column gap-2 mb-3"
              >
                <label
                  class="text-indigo-600 pl-3"
                  for="provider-name"
                >
                  Nombre
                </label>
                <input
                  autocomplete="off"
                  class="p-inputtext p-component ng-untouched ng-pristine ng-invalid"
                  formcontrolname="name"
                  id="provider-name"
                  pc4=""
                  pinputtext=""
                />
                <p-message
                  hidden=""
                  pc5=""
                  severity="error"
                  text="El nombre es obligatorio"
                >
                  <div
                    aria-live="polite"
                    class="p-message p-component ng-trigger ng-trigger-messageAnimation p-message-error ng-animating"
                    role="alert"
                  >
                    <div
                      class="p-message-content"
                    >
                      <span
                        class="p-message-text"
                        style=""
                      >
                        El nombre es obligatorio
                      </span>
                      <span
                        class="p-message-text"
                        style=""
                      />
                    </div>
                  </div>
                </p-message>
                <p-message
                  hidden=""
                  pc6=""
                  severity="error"
                  text="El nombre debe tener al menos 3 caracteres"
                >
                  <div
                    aria-live="polite"
                    class="p-message p-component ng-trigger ng-trigger-messageAnimation p-message-error ng-animating"
                    role="alert"
                  >
                    <div
                      class="p-message-content"
                    >
                      <span
                        class="p-message-text"
                        style=""
                      >
                        El nombre debe tener al menos 3 caracteres
                      </span>
                      <span
                        class="p-message-text"
                        style=""
                      />
                    </div>
                  </div>
                </p-message>
              </div>
              <div
                class="col-12 lg:col-6 flex flex-column gap-2 mb-3"
              >
                <label
                  class="text-indigo-600 pl-3"
                  for="provider-comercial-name"
                >
                  Nombre comercial
                </label>
                <input
                  autocomplete="off"
                  class="p-inputtext p-component ng-untouched ng-pristine ng-valid"
                  formcontrolname="comercialName"
                  id="provider-comercial-name"
                  pc7=""
                  pinputtext=""
                />
              </div>
              <div
                class="col-12 lg:col-6 flex flex-column gap-2 mb-3"
              >
                <label
                  class="text-indigo-600 pl-3"
                  for="provider-cif"
                >
                  CIF
                </label>
                <input
                  autocomplete="off"
                  class="p-inputtext p-component ng-untouched ng-pristine ng-valid"
                  formcontrolname="vatNumber"
                  id="provider-cif"
                  pc8=""
                  pinputtext=""
                />
              </div>
            </div>
            <p-divider
              aria-orientation="horizontal"
              class="p-divider p-component p-divider-horizontal p-divider-solid p-divider-left"
              data-pc-name="divider"
              pc9=""
              role="separator"
              style="justify-content: center;"
            >
              <div
                class="p-divider-content"
              />
            </p-divider>
            <h3
              class="flex flex-row gap-2 text-indigo-400 text-2xl"
            >
              <fa-icon
                class="ng-fa-icon"
                icon="square-phone"
              >
                <svg
                  aria-hidden="true"
                  class="svg-inline--fa fa-square-phone"
                  data-icon="square-phone"
                  data-prefix="fas"
                  focusable="false"
                  role="img"
                  viewBox="0 0 448 512"
                  xmlns="http://www.w3.org/2000/svg"
                >
                  <path
                    d="M64 32C28.7 32 0 60.7 0 96L0 416c0 35.3 28.7 64 64 64l320 0c35.3 0 64-28.7 64-64l0-320c0-35.3-28.7-64-64-64L64 32zm88 96.7c9.8-2.7 20.1 2.4 24 11.8l20.3 48.7c3.4 8.3 1.1 17.8-5.9 23.5l-22.1 18c16.2 35.8 44.5 65 79.6 82.4l19.3-23.6c5.7-6.9 15.2-9.3 23.5-5.9l48.7 20.3c9.4 3.9 14.4 14.2 11.8 24l-.8 2.8c-8.8 32.3-40.1 59.9-78.2 51.8-87.5-18.5-156.3-87.4-174.9-174.9-8.1-38.1 19.5-69.4 51.8-78.2l2.8-.8z"
                    fill="currentColor"
                  />
                </svg>
              </fa-icon>
              <span>
                Contacto
              </span>
            </h3>
            <div
              class="col-12 grid align-content-start ng-untouched ng-pristine ng-valid"
              formgroupname="contact"
            >
              <div
                class="col-12 lg:col-6 flex flex-column gap-2 mb-3"
              >
                <label
                  class="text-indigo-600 pl-3"
                  for="provider-phone1"
                >
                  Teléfono 1
                </label>
                <input
                  autocomplete="off"
                  class="p-inputtext p-component ng-untouched ng-pristine ng-valid"
                  formcontrolname="phone1"
                  id="provider-phone1"
                  pc10=""
                  pinputtext=""
                />
              </div>
              <div
                class="col-12 lg:col-6 flex flex-column gap-2 mb-3"
              >
                <label
                  class="text-indigo-600 pl-3"
                  for="provider-phone2"
                >
                  Teléfono 2
                </label>
                <input
                  autocomplete="off"
                  class="p-inputtext p-component ng-untouched ng-pristine ng-valid"
                  formcontrolname="phone2"
                  id="provider-phone2"
                  pc11=""
                  pinputtext=""
                />
              </div>
              <div
                class="col-12 lg:col-6 flex flex-column gap-2 mb-3"
              >
                <label
                  class="text-indigo-600 pl-3"
                  for="provider-email"
                >
                  Email
                </label>
                <input
                  autocomplete="off"
                  class="p-inputtext p-component ng-untouched ng-pristine ng-valid"
                  formcontrolname="email"
                  id="provider-email"
                  pc12=""
                  pinputtext=""
                />
                <p-message
                  hidden=""
                  pc13=""
                  severity="error"
                  text="El email no es válido"
                >
                  <div
                    aria-live="polite"
                    class="p-message p-component ng-trigger ng-trigger-messageAnimation p-message-error ng-animating"
                    role="alert"
                  >
                    <div
                      class="p-message-content"
                    >
                      <span
                        class="p-message-text"
                        style=""
                      >
                        El email no es válido
                      </span>
                      <span
                        class="p-message-text"
                        style=""
                      />
                    </div>
                  </div>
                </p-message>
              </div>
              <div
                class="col-12 lg:col-6 flex flex-column gap-2 mb-3"
              >
                <label
                  class="text-indigo-600 pl-3"
                  for="provider-web"
                >
                  Página web
                </label>
                <input
                  autocomplete="off"
                  class="p-inputtext p-component ng-untouched ng-pristine ng-valid"
                  formcontrolname="website"
                  id="provider-web"
                  pc14=""
                  pinputtext=""
                />
                <p-message
                  hidden=""
                  pc15=""
                  severity="error"
                  text="El email no es válido"
                >
                  <div
                    aria-live="polite"
                    class="p-message p-component ng-trigger ng-trigger-messageAnimation p-message-error ng-animating"
                    role="alert"
                  >
                    <div
                      class="p-message-content"
                    >
                      <span
                        class="p-message-text"
                        style=""
                      >
                        El email no es válido
                      </span>
                      <span
                        class="p-message-text"
                        style=""
                      />
                    </div>
                  </div>
                </p-message>
              </div>
            </div>
          </div>
          <div
            class="col-10 col-offset-1 grid align-content-start"
            hidden=""
          >
            <h3
              class="flex flex-row gap-2 text-indigo-400 text-2xl"
            >
              <fa-icon
                class="ng-fa-icon"
                icon="location-dot"
              >
                <svg
                  aria-hidden="true"
                  class="svg-inline--fa fa-location-dot"
                  data-icon="location-dot"
                  data-prefix="fas"
                  focusable="false"
                  role="img"
                  viewBox="0 0 384 512"
                  xmlns="http://www.w3.org/2000/svg"
                >
                  <path
                    d="M0 188.6C0 84.4 86 0 192 0S384 84.4 384 188.6c0 119.3-120.2 262.3-170.4 316.8-11.8 12.8-31.5 12.8-43.3 0-50.2-54.5-170.4-197.5-170.4-316.8zM192 256a64 64 0 1 0 0-128 64 64 0 1 0 0 128z"
                    fill="currentColor"
                  />
                </svg>
              </fa-icon>
              <span>
                Dirección
              </span>
            </h3>
            <div
              class="col-12 grid align-content-start ng-untouched ng-pristine ng-valid"
              formgroupname="address"
            >
              <div
                class="col-12 lg:col-6 flex flex-column gap-2 mb-3"
              >
                <label
                  class="text-indigo-600 pl-3"
                  for="provider-street"
                >
                  Calle
                </label>
                <input
                  autocomplete="off"
                  class="p-inputtext p-component ng-untouched ng-pristine ng-valid"
                  formcontrolname="street"
                  id="provider-street"
                  pc16=""
                  pinputtext=""
                />
              </div>
              <div
                class="col-12 lg:col-3 flex flex-column gap-2 mb-3"
              >
                <label
                  class="text-indigo-600 pl-3"
                  for="provider-postalCode"
                >
                  Código Postal
                </label>
                <input
                  autocomplete="off"
                  class="p-inputtext p-component ng-untouched ng-pristine ng-valid"
                  formcontrolname="postalCode"
                  id="provider-postalCode"
                  pc17=""
                  pinputtext=""
                />
              </div>
              <div
                class="col-12 lg:col-6 flex flex-column gap-2 mb-3"
              >
                <label
                  class="text-indigo-600 pl-3"
                  for="provider-city"
                >
                  Localidad
                </label>
                <input
                  autocomplete="off"
                  class="p-inputtext p-component ng-untouched ng-pristine ng-valid"
                  formcontrolname="city"
                  id="provider-city"
                  pc18=""
                  pinputtext=""
                />
              </div>
              <div
                class="col-12 lg:col-6 flex flex-column gap-2 mb-3"
              >
                <label
                  class="text-indigo-600 pl-3"
                  for="provider-province"
                >
                  Provincia
                </label>
                <input
                  autocomplete="off"
                  class="p-inputtext p-component ng-untouched ng-pristine ng-valid"
                  formcontrolname="province"
                  id="provider-province"
                  pc19=""
                  pinputtext=""
                />
              </div>
              <div
                class="col-12 lg:col-6 flex flex-column gap-2 mb-3"
              >
                <label
                  class="text-indigo-600 pl-3"
                  for="provider-country"
                >
                  Pais
                </label>
                <input
                  autocomplete="off"
                  class="p-inputtext p-component ng-untouched ng-pristine ng-valid"
                  formcontrolname="country"
                  id="provider-country"
                  pc20=""
                  pinputtext=""
                />
              </div>
            </div>
          </div>
        </div>
        <div
          class="flex flex-row gap-4 justify-content-end"
        >
          <p-button
            hidden=""
            pc21=""
            severity="secondary"
            size="small"
            type="button"
          >
            <button
              class="p-ripple p-button p-component p-button-secondary p-button-sm"
              data-pc-name="button"
              data-pc-section="root"
              pc26=""
              pc27=""
              pripple=""
              type="button"
            >
              <fa-icon
                class="ng-fa-icon"
              >
                <svg
                  aria-hidden="true"
                  class="svg-inline--fa fa-backward"
                  data-icon="backward"
                  data-prefix="fas"
                  focusable="false"
                  role="img"
                  viewBox="0 0 576 512"
                  xmlns="http://www.w3.org/2000/svg"
                >
                  <path
                    d="M204.3 43.1C215.9 32 233 28.9 247.7 35.2S272 56 272 72l0 136.3 172.3-165.1C455.9 32 473 28.9 487.7 35.2S512 56 512 72l0 368c0 16-9.6 30.5-24.3 36.8s-31.8 3.2-43.4-7.9L272 303.7 272 440c0 16-9.6 30.5-24.3 36.8s-31.8 3.2-43.4-7.9l-192-184C4.5 277.3 0 266.9 0 256s4.5-21.3 12.3-28.9l192-184z"
                    fill="currentColor"
                  />
                </svg>
              </fa-icon>
              <span
                class="ml-2 font-bold"
              >
                Atrás
              </span>
            </button>
          </p-button>
          <p-button
            pc22=""
            severity="secondary"
            size="small"
            type="button"
          >
            <button
              class="p-ripple p-button p-component p-button-secondary p-button-sm"
              data-pc-name="button"
              data-pc-section="root"
              pc28=""
              pc29=""
              pripple=""
              type="button"
            >
              <fa-icon
                class="ng-fa-icon"
              >
                <svg
                  aria-hidden="true"
                  class="svg-inline--fa fa-forward"
                  data-icon="forward"
                  data-prefix="fas"
                  focusable="false"
                  role="img"
                  viewBox="0 0 576 512"
                  xmlns="http://www.w3.org/2000/svg"
                >
                  <path
                    d="M371.7 43.1C360.1 32 343 28.9 328.3 35.2S304 56 304 72l0 136.3-172.3-165.1C120.1 32 103 28.9 88.3 35.2S64 56 64 72l0 368c0 16 9.6 30.5 24.3 36.8s31.8 3.2 43.4-7.9L304 303.7 304 440c0 16 9.6 30.5 24.3 36.8s31.8 3.2 43.4-7.9l192-184c7.9-7.5 12.3-18 12.3-28.9s-4.5-21.3-12.3-28.9l-192-184z"
                    fill="currentColor"
                  />
                </svg>
              </fa-icon>
              <span
                class="ml-2 font-bold"
              >
                Siguiente
              </span>
            </button>
          </p-button>
          <p-button
            pc23=""
            size="small"
            type="submit"
          >
            <button
              class="p-ripple p-button p-component p-button-sm"
              data-pc-name="button"
              data-pc-section="root"
              pc30=""
              pc31=""
              pripple=""
              type="submit"
            >
              <fa-icon
                class="ng-fa-icon"
              >
                <svg
                  aria-hidden="true"
                  class="svg-inline--fa fa-floppy-disk"
                  data-icon="floppy-disk"
                  data-prefix="fas"
                  focusable="false"
                  role="img"
                  viewBox="0 0 448 512"
                  xmlns="http://www.w3.org/2000/svg"
                >
                  <path
                    d="M64 32C28.7 32 0 60.7 0 96L0 416c0 35.3 28.7 64 64 64l320 0c35.3 0 64-28.7 64-64l0-242.7c0-17-6.7-33.3-18.7-45.3L352 50.7C340 38.7 323.7 32 306.7 32L64 32zm32 96c0-17.7 14.3-32 32-32l160 0c17.7 0 32 14.3 32 32l0 64c0 17.7-14.3 32-32 32l-160 0c-17.7 0-32-14.3-32-32l0-64zM224 288a64 64 0 1 1 0 128 64 64 0 1 1 0-128z"
                    fill="currentColor"
                  />
                </svg>
              </fa-icon>
              <span
                class="ml-2 font-bold"
              >
                Crear Proveedor
              </span>
            </button>
          </p-button>
        </div>
      </div>
    </div>
  </form>
</ng-component>
`;
