// Jest Snapshot v1, https://jestjs.io/docs/snapshot-testing

exports[`BookEditPage should create 1`] = `
<ng-component
  SummaryType={[Function Object]}
  authorSelectorVisible={[Function Function]}
  book={[Function Function]}
  bookService={[Function BookServiceStub]}
  breadcrumb={[Function Array]}
  editorialSelectorVisible={[Function Function]}
  form={[Function FormGroup]}
  homeBreadcrumb={[Function Object]}
  isbnPattern={[Function String]}
  maxDate={[Function Date]}
  router={[Function _Router]}
  toastService={[Function Object]}
>
  <app-author-dialog>
    <p-dialog
      header="Buscar y seleccionar Autor"
      pc60=""
    >
    </p-dialog>
  </app-author-dialog><app-editorial-dialog>
    <p-dialog
      header="Buscar y seleccionar Editorial"
      pc89=""
    >
    </p-dialog>
  </app-editorial-dialog><form
    class="ng-untouched ng-pristine ng-valid"
    novalidate=""
  >
    <div
      class="flex flex-column surface-section mx-6 hall min-vh-80"
    >
      <div
        class="flex flex-column p-4"
      >
        <span
          class="hall-icon text-primary"
        >
          <i
            class="fas fa-book"
          />
        </span>
        <span
          class="watermark text-primary"
        >
          <i
            class="fas fa-book"
          />
        </span>
        <div
          class="flex flex-row gap-3 justify-content-between"
        >
          <div
            class="flex flex-column gap-2"
          >
            <div
              class="flex"
            >
              <p-breadcrumb
                class="max-w-full"
                pc1=""
              >
                <nav
                  class="p-breadcrumb p-component"
                  data-pc-name="breadcrumb"
                  data-pc-section="root"
                >
                  <ol
                    class="p-breadcrumb-list"
                    data-pc-section="menu"
                  >
                    <li
                      class="p-breadcrumb-home-item"
                      data-pc-section="home"
                      pc163=""
                      ptooltip=""
                    >
                      <a
                        class="p-breadcrumb-item-link"
                        href="/"
                        tabindex="0"
                      >
                        <span
                          class="p-breadcrumb-item-icon fas fa-home"
                        />
                      </a>
                    </li>
                    <li
                      class="p-breadcrumb-separator"
                      data-pc-section="separator"
                    >
                      <chevronrighticon
                        class="p-component p-iconwrapper"
                        pc164=""
                      >
                        <svg
                          aria-hidden="true"
                          class="p-icon"
                          fill="none"
                          height="14"
                          viewBox="0 0 14 14"
                          width="14"
                          xmlns="http://www.w3.org/2000/svg"
                        >
                          <path
                            d="M4.38708 13C4.28408 13.0005 4.18203 12.9804 4.08691 12.9409C3.99178 12.9014 3.9055 12.8433 3.83313 12.7701C3.68634 12.6231 3.60388 12.4238 3.60388 12.2161C3.60388 12.0084 3.68634 11.8091 3.83313 11.6622L8.50507 6.99022L3.83313 2.31827C3.69467 2.16968 3.61928 1.97313 3.62287 1.77005C3.62645 1.56698 3.70872 1.37322 3.85234 1.22959C3.99596 1.08597 4.18972 1.00371 4.3928 1.00012C4.59588 0.996539 4.79242 1.07192 4.94102 1.21039L10.1669 6.43628C10.3137 6.58325 10.3962 6.78249 10.3962 6.99022C10.3962 7.19795 10.3137 7.39718 10.1669 7.54416L4.94102 12.7701C4.86865 12.8433 4.78237 12.9014 4.68724 12.9409C4.59212 12.9804 4.49007 13.0005 4.38708 13Z"
                            fill="currentColor"
                          />
                        </svg>
                      </chevronrighticon>
                    </li>
                    <li
                      class="p-breadcrumb-item"
                      data-pc-section="menuitem"
                      pc165=""
                      ptooltip=""
                    >
                      <a
                        class="p-breadcrumb-item-link"
                        href="/books"
                        tabindex="0"
                      >
                        <span
                          class="p-breadcrumb-item-label"
                        >
                          Libros
                        </span>
                      </a>
                    </li>
                    <li
                      class="p-breadcrumb-separator"
                      data-pc-section="separator"
                    >
                      <chevronrighticon
                        class="p-component p-iconwrapper"
                        pc166=""
                      >
                        <svg
                          aria-hidden="true"
                          class="p-icon"
                          fill="none"
                          height="14"
                          viewBox="0 0 14 14"
                          width="14"
                          xmlns="http://www.w3.org/2000/svg"
                        >
                          <path
                            d="M4.38708 13C4.28408 13.0005 4.18203 12.9804 4.08691 12.9409C3.99178 12.9014 3.9055 12.8433 3.83313 12.7701C3.68634 12.6231 3.60388 12.4238 3.60388 12.2161C3.60388 12.0084 3.68634 11.8091 3.83313 11.6622L8.50507 6.99022L3.83313 2.31827C3.69467 2.16968 3.61928 1.97313 3.62287 1.77005C3.62645 1.56698 3.70872 1.37322 3.85234 1.22959C3.99596 1.08597 4.18972 1.00371 4.3928 1.00012C4.59588 0.996539 4.79242 1.07192 4.94102 1.21039L10.1669 6.43628C10.3137 6.58325 10.3962 6.78249 10.3962 6.99022C10.3962 7.19795 10.3137 7.39718 10.1669 7.54416L4.94102 12.7701C4.86865 12.8433 4.78237 12.9014 4.68724 12.9409C4.59212 12.9804 4.49007 13.0005 4.38708 13Z"
                            fill="currentColor"
                          />
                        </svg>
                      </chevronrighticon>
                    </li>
                    <li
                      class="text-xl font-bold p-breadcrumb-item"
                      data-pc-section="menuitem"
                      pc167=""
                      ptooltip=""
                    >
                      <a
                        class="p-breadcrumb-item-link"
                        tabindex="0"
                        target="undefined"
                      >
                        <span
                          class="p-breadcrumb-item-label"
                        >
                          Editar Cliente
                        </span>
                      </a>
                    </li>
                  </ol>
                </nav>
              </p-breadcrumb>
            </div>
          </div>
          <div
            class="flex flex-row gap-2 align-items-center"
          >
            <p-button
              icon="fas fa-pen"
              label="Guardar"
              pc2=""
              severity="success"
              size="small"
              type="submit"
            >
              <button
                class="p-ripple p-button p-component p-button-success p-button-outlined p-button-sm"
                data-pc-name="button"
                data-pc-section="root"
                pc110=""
                pc111=""
                pripple=""
                type="submit"
              >
                <span
                  class="fas fa-pen p-button-icon p-button-icon-left"
                  data-pc-section="icon"
                />
                <span
                  aria-hidden="false"
                  class="p-button-label"
                  data-pc-section="label"
                >
                  Guardar
                </span>
              </button>
            </p-button>
            <p-button
              icon="fas fa-xmark"
              label="Salir"
              pc3=""
              severity="secondary"
              size="small"
              tabindex="0"
              type="button"
            >
              <button
                class="p-ripple p-button p-component p-button-secondary p-button-text p-button-sm"
                data-pc-name="button"
                data-pc-section="root"
                pc112=""
                pc113=""
                pripple=""
                type="button"
              >
                <span
                  class="fas fa-xmark p-button-icon p-button-icon-left"
                  data-pc-section="icon"
                />
                <span
                  aria-hidden="false"
                  class="p-button-label"
                  data-pc-section="label"
                >
                  Salir
                </span>
              </button>
            </p-button>
          </div>
        </div>
      </div>
      <div
        class="flex-1 p-4"
      >
        <p-tabs
          class="tab-selector p-tabs p-component"
          data-pc-name="tabs"
          id="pn_id_1"
          pc4=""
          value="detail"
        >
          <p-tablist
            class="p-tablist p-component"
            data-pc-name="tablist"
            pc5=""
          >
            <div
              class="p-tablist-content"
            >
              <div
                class="p-tablist-tab-list"
                role="tablist"
              >
                <p-tab
                  aria-controls="pn_id_1_tabpanel_detail"
                  aria-selected="true"
                  class="p-ripple flex align-items-center gap-2 p-tab p-tab-active p-component"
                  data-p-active="true"
                  data-p-disabled="false"
                  data-pc-name="tab"
                  id="pn_id_1_tab_detail"
                  pc6=""
                  pc7=""
                  role="tab"
                  tabindex="0"
                  value="detail"
                >
                  <i
                    class="fas fa-circle-info"
                  />
                  <span>
                    Detalle
                  </span>
                </p-tab>
                <p-tab
                  aria-controls="pn_id_1_tabpanel_edition"
                  aria-selected="false"
                  class="p-ripple flex align-items-center gap-2 p-tab p-component"
                  data-p-active="false"
                  data-p-disabled="false"
                  data-pc-name="tab"
                  id="pn_id_1_tab_edition"
                  pc8=""
                  pc9=""
                  role="tab"
                  tabindex="-1"
                  value="edition"
                >
                  <i
                    class="fas fa-book-open"
                  />
                  <span>
                    Edición
                  </span>
                </p-tab>
                <p-tab
                  aria-controls="pn_id_1_tabpanel_shop"
                  aria-selected="false"
                  class="p-ripple flex align-items-center gap-2 p-tab p-component"
                  data-p-active="false"
                  data-p-disabled="false"
                  data-pc-name="tab"
                  id="pn_id_1_tab_shop"
                  pc10=""
                  pc11=""
                  role="tab"
                  tabindex="-1"
                  value="shop"
                >
                  <i
                    class="fas fa-shop"
                  />
                  <span>
                    Ventas
                  </span>
                </p-tab>
                <span
                  class="p-tablist-active-bar"
                  data-pc-section="inkbar"
                  role="presentation"
                />
              </div>
            </div>
            <button
              aria-label="Next"
              class="p-ripple p-tablist-nav-button p-tablist-next-button"
              data-pc-group-section="navigator"
              pc174=""
              pripple=""
              tabindex="0"
              type="button"
            >
              <chevronrighticon
                class="p-component p-iconwrapper"
                pc175=""
              >
                <svg
                  aria-hidden="true"
                  class="p-icon"
                  fill="none"
                  height="14"
                  viewBox="0 0 14 14"
                  width="14"
                  xmlns="http://www.w3.org/2000/svg"
                >
                  <path
                    d="M4.38708 13C4.28408 13.0005 4.18203 12.9804 4.08691 12.9409C3.99178 12.9014 3.9055 12.8433 3.83313 12.7701C3.68634 12.6231 3.60388 12.4238 3.60388 12.2161C3.60388 12.0084 3.68634 11.8091 3.83313 11.6622L8.50507 6.99022L3.83313 2.31827C3.69467 2.16968 3.61928 1.97313 3.62287 1.77005C3.62645 1.56698 3.70872 1.37322 3.85234 1.22959C3.99596 1.08597 4.18972 1.00371 4.3928 1.00012C4.59588 0.996539 4.79242 1.07192 4.94102 1.21039L10.1669 6.43628C10.3137 6.58325 10.3962 6.78249 10.3962 6.99022C10.3962 7.19795 10.3137 7.39718 10.1669 7.54416L4.94102 12.7701C4.86865 12.8433 4.78237 12.9014 4.68724 12.9409C4.59212 12.9804 4.49007 13.0005 4.38708 13Z"
                    fill="currentColor"
                  />
                </svg>
              </chevronrighticon>
            </button>
          </p-tablist>
          <p-tabpanels
            class="p-tabpanels p-component"
            data-pc-name="tabpanels"
            pc12=""
            role="presentation"
          >
            <p-tabpanel
              aria-labelledby="pn_id_1_tab_detail"
              class="p-tabpanel p-component"
              data-p-active="true"
              data-pc-name="tabpanel"
              id="pn_id_1_tabpanel_detail"
              pc13=""
              role="tabpanel"
              value="detail"
            >
              <h3
                class="flex flex-row gap-2 text-primary-400 text-2xl"
              >
                <fa-icon
                  class="ng-fa-icon"
                  icon="circle-info"
                >
                  <svg
                    aria-hidden="true"
                    class="svg-inline--fa fa-circle-info"
                    data-icon="circle-info"
                    data-prefix="fas"
                    focusable="false"
                    role="img"
                    viewBox="0 0 512 512"
                    xmlns="http://www.w3.org/2000/svg"
                  >
                    <path
                      d="M256 512a256 256 0 1 0 0-512 256 256 0 1 0 0 512zM224 160a32 32 0 1 1 64 0 32 32 0 1 1 -64 0zm-8 64l48 0c13.3 0 24 10.7 24 24l0 88 8 0c13.3 0 24 10.7 24 24s-10.7 24-24 24l-80 0c-13.3 0-24-10.7-24-24s10.7-24 24-24l24 0 0-64-24 0c-13.3 0-24-10.7-24-24s10.7-24 24-24z"
                      fill="currentColor"
                    />
                  </svg>
                </fa-icon>
                <span>
                  Detalle
                </span>
              </h3>
              <div
                class="col-12 grid align-content-start"
              >
                <div
                  class="col-12 flex flex-column gap-2 mb-3"
                >
                  <label
                    class="text-primary-600 pl-3"
                    for="book-title"
                  >
                    Título
                  </label>
                  <input
                    autocomplete="off"
                    class="p-inputtext p-component ng-untouched ng-pristine ng-valid p-filled"
                    formcontrolname="title"
                    id="book-title"
                    pc14=""
                    pinputtext=""
                  />
                  <p-message
                    hidden=""
                    pc15=""
                    severity="error"
                    text="El título es obligatorio"
                  >
                    <div
                      aria-live="polite"
                      class="p-message p-component ng-trigger ng-trigger-messageAnimation p-message-error ng-animating"
                      role="alert"
                    >
                      <div
                        class="p-message-content"
                      >
                        <span
                          class="p-message-text"
                          style=""
                        >
                          El título es obligatorio
                        </span>
                        <span
                          class="p-message-text"
                          style=""
                        />
                      </div>
                    </div>
                  </p-message>
                  <p-message
                    hidden=""
                    pc16=""
                    severity="error"
                    text="El título debe tener al menos 3 caracteres"
                  >
                    <div
                      aria-live="polite"
                      class="p-message p-component ng-trigger ng-trigger-messageAnimation p-message-error ng-animating"
                      role="alert"
                    >
                      <div
                        class="p-message-content"
                      >
                        <span
                          class="p-message-text"
                          style=""
                        >
                          El título debe tener al menos 3 caracteres
                        </span>
                        <span
                          class="p-message-text"
                          style=""
                        />
                      </div>
                    </div>
                  </p-message>
                </div>
                <div
                  class="col-12 lg:col-6 flex flex-column gap-2 mb-3 ng-untouched ng-pristine ng-valid"
                  formgroupname="author"
                >
                  <label
                    class="text-primary-600 pl-3"
                    for="book-autor"
                  >
                    Autor
                  </label>
                  <input
                    class="ng-untouched ng-pristine ng-valid"
                    formcontrolname="id"
                    type="hidden"
                    value="56e20174-11e9-4fbd-bded-7a3f6a179c43"
                  />
                  <p-inputgroup
                    class="p-inputgroup"
                    data-pc-name="inputgroup"
                    pc17=""
                  >
                    <input
                      autocomplete="off"
                      class="p-inputtext p-component ng-untouched ng-pristine ng-valid p-filled"
                      formcontrolname="name"
                      id="book-autor"
                      pc18=""
                      pinputtext=""
                      readonly=""
                    />
                    <p-inputgroup-addon
                      class="p-inputgroupaddon"
                      data-pc-name="inputgroupaddon"
                      pc19=""
                    >
                      <p-button
                        icon="fas fa-binoculars"
                        pc20=""
                        pc21=""
                        ptooltip="Seleccionar autor [ / ]"
                        severity="primary"
                        tooltipposition="top"
                        variant="text"
                      >
                        <button
                          class="p-ripple p-button p-component p-button-icon-only p-button-primary p-button-text"
                          data-pc-name="button"
                          data-pc-section="root"
                          pc114=""
                          pc115=""
                          pripple=""
                          tabindex="-1"
                          type="button"
                        >
                          <span
                            class="fas fa-binoculars p-button-icon"
                            data-pc-section="icon"
                          />
                        </button>
                      </p-button>
                      <p-button
                        icon="fas fa-delete-left"
                        pc22=""
                        pc23=""
                        ptooltip="Borrar autor [ Supr ]"
                        severity="danger"
                        tooltipposition="top"
                        variant="text"
                      >
                        <button
                          class="p-ripple p-button p-component p-button-icon-only p-button-danger p-button-text"
                          data-pc-name="button"
                          data-pc-section="root"
                          pc116=""
                          pc117=""
                          pripple=""
                          tabindex="-1"
                          type="button"
                        >
                          <span
                            class="fas fa-delete-left p-button-icon"
                            data-pc-section="icon"
                          />
                        </button>
                      </p-button>
                    </p-inputgroup-addon>
                  </p-inputgroup>
                  <p-message
                    hidden=""
                    pc24=""
                    severity="error"
                    text="El autor es obligatorio"
                  >
                    <div
                      aria-live="polite"
                      class="p-message p-component ng-trigger ng-trigger-messageAnimation p-message-error ng-animating"
                      role="alert"
                    >
                      <div
                        class="p-message-content"
                      >
                        <span
                          class="p-message-text"
                          style=""
                        >
                          El autor es obligatorio
                        </span>
                        <span
                          class="p-message-text"
                          style=""
                        />
                      </div>
                    </div>
                  </p-message>
                </div>
                <div
                  class="col-12 lg:col-6 flex flex-column gap-2 mb-3 ng-untouched ng-pristine ng-valid"
                  formgroupname="editorial"
                >
                  <label
                    class="text-primary-600 pl-3"
                    for="book-editorial"
                  >
                    Editorial
                  </label>
                  <input
                    class="ng-untouched ng-pristine ng-valid"
                    formcontrolname="id"
                    type="hidden"
                    value="67706e7d-c0a5-4dc0-bea2-4cef102d602f"
                  />
                  <p-inputgroup
                    class="p-inputgroup"
                    data-pc-name="inputgroup"
                    pc25=""
                  >
                    <input
                      autocomplete="off"
                      class="p-inputtext p-component ng-untouched ng-pristine ng-valid p-filled"
                      formcontrolname="name"
                      id="book-editorial"
                      pc26=""
                      pinputtext=""
                      readonly=""
                    />
                    <p-inputgroup-addon
                      class="p-inputgroupaddon"
                      data-pc-name="inputgroupaddon"
                      pc27=""
                    >
                      <p-button
                        icon="fas fa-binoculars"
                        pc28=""
                        pc29=""
                        ptooltip="Seleccionar editorial"
                        severity="primary"
                        tooltipposition="top"
                        variant="text"
                      >
                        <button
                          class="p-ripple p-button p-component p-button-icon-only p-button-primary p-button-text"
                          data-pc-name="button"
                          data-pc-section="root"
                          pc118=""
                          pc119=""
                          pripple=""
                          tabindex="-1"
                          type="button"
                        >
                          <span
                            class="fas fa-binoculars p-button-icon"
                            data-pc-section="icon"
                          />
                        </button>
                      </p-button>
                      <p-button
                        icon="fas fa-delete-left"
                        pc30=""
                        pc31=""
                        ptooltip="Borrar editorial [ Supr ]"
                        severity="danger"
                        tooltipposition="top"
                        variant="text"
                      >
                        <button
                          class="p-ripple p-button p-component p-button-icon-only p-button-danger p-button-text"
                          data-pc-name="button"
                          data-pc-section="root"
                          pc120=""
                          pc121=""
                          pripple=""
                          tabindex="-1"
                          type="button"
                        >
                          <span
                            class="fas fa-delete-left p-button-icon"
                            data-pc-section="icon"
                          />
                        </button>
                      </p-button>
                    </p-inputgroup-addon>
                  </p-inputgroup>
                  <p-message
                    hidden=""
                    pc32=""
                    severity="error"
                    text="La editorial es obligatoria"
                  >
                    <div
                      aria-live="polite"
                      class="p-message p-component ng-trigger ng-trigger-messageAnimation p-message-error ng-animating"
                      role="alert"
                    >
                      <div
                        class="p-message-content"
                      >
                        <span
                          class="p-message-text"
                          style=""
                        >
                          La editorial es obligatoria
                        </span>
                        <span
                          class="p-message-text"
                          style=""
                        />
                      </div>
                    </div>
                  </p-message>
                </div>
                <div
                  class="col-12 flex flex-column gap-2 mb-3"
                >
                  <div
                    class="flex align-items-center gap-2"
                  >
                    <label
                      class="text-primary-600 pl-3"
                      for="book-desc"
                    >
                      Descripción
                    </label>
                    <app-summary-generator
                      name="libro"
                      title="Generar la descripción del libro"
                    >
                      <p-button
                        icon="fas fa-robot"
                        pc168=""
                        severity="secondary"
                        size="small"
                        type="button"
                      >
                        <button
                          class="p-ripple p-button p-component p-button-secondary p-button-text p-button-sm"
                          data-pc-name="button"
                          data-pc-section="root"
                          pc169=""
                          pc170=""
                          pripple=""
                          type="button"
                        >
                          <span
                            class="fas fa-robot p-button-icon p-button-icon-left"
                            data-pc-section="icon"
                          />
                          <span
                            aria-hidden="false"
                            class="p-button-label"
                            data-pc-section="label"
                          >
                            Generar descripción con IA
                          </span>
                        </button>
                      </p-button>
                      <p-dialog
                        pc122=""
                      >
                      </p-dialog>
                    </app-summary-generator>
                  </div>
                  <textarea
                    class="p-textarea p-component ng-untouched ng-pristine ng-valid p-filled"
                    formcontrolname="description"
                    id="book-desc"
                    pc33=""
                    ptextarea=""
                    rows="8"
                  />
                </div>
              </div>
            </p-tabpanel>
            <p-tabpanel
              aria-labelledby="pn_id_1_tab_edition"
              class="p-tabpanel p-component"
              data-p-active="false"
              data-pc-name="tabpanel"
              id="pn_id_1_tabpanel_edition"
              pc34=""
              role="tabpanel"
              value="edition"
            >
            </p-tabpanel>
            <p-tabpanel
              aria-labelledby="pn_id_1_tab_shop"
              class="p-tabpanel p-component"
              data-p-active="false"
              data-pc-name="tabpanel"
              id="pn_id_1_tabpanel_shop"
              pc44=""
              role="tabpanel"
              value="shop"
            >
            </p-tabpanel>
          </p-tabpanels>
        </p-tabs>
      </div>
    </div>
  </form>
</ng-component>
`;
