// Jest Snapshot v1, https://jestjs.io/docs/snapshot-testing

exports[`AuthorViewPage should create 1`] = `
<ng-component
  author={[Function Function]}
  authorService={[Function AuthorServiceStub]}
  breadcrumb={[Function Array]}
  confirmationService={[Function ConfirmationServiceStub]}
  homeBreadcrumb={[Function Object]}
  isAdmin={[Function Function]}
  isUser={[Function Function]}
  router={[Function _Router]}
  toastService={[Function Object]}
  userService={[Function UserService]}
>
  <p-confirmdialog
    pc1=""
  >
    <p-dialog
      pc18=""
      role="alertdialog"
    >
    </p-dialog>
  </p-confirmdialog><div
    class="flex flex-column surface-section mx-6 hall min-vh-80"
  >
    <div
      class="flex flex-column p-4"
    >
      <span
        class="hall-icon text-green-600"
      >
        <i
          class="fas fa-pen-fancy"
        />
      </span>
      <span
        class="watermark text-green-600"
      >
        <i
          class="fas fa-pen-fancy"
        />
      </span>
      <div
        class="flex flex-row gap-3 justify-content-between"
      >
        <div
          class="flex flex-column gap-2"
        >
          <div
            class="flex"
          >
            <p-breadcrumb
              class="max-w-full"
              pc2=""
            >
              <nav
                class="p-breadcrumb p-component"
                data-pc-name="breadcrumb"
                data-pc-section="root"
              >
                <ol
                  class="p-breadcrumb-list"
                  data-pc-section="menu"
                >
                  <li
                    class="p-breadcrumb-home-item"
                    data-pc-section="home"
                    pc31=""
                    ptooltip=""
                  >
                    <a
                      class="p-breadcrumb-item-link"
                      href="/"
                      tabindex="0"
                    >
                      <span
                        class="p-breadcrumb-item-icon fas fa-home"
                      />
                    </a>
                  </li>
                  <li
                    class="p-breadcrumb-separator"
                    data-pc-section="separator"
                  >
                    <chevronrighticon
                      class="p-component p-iconwrapper"
                      pc32=""
                    >
                      <svg
                        aria-hidden="true"
                        class="p-icon"
                        fill="none"
                        height="14"
                        viewBox="0 0 14 14"
                        width="14"
                        xmlns="http://www.w3.org/2000/svg"
                      >
                        <path
                          d="M4.38708 13C4.28408 13.0005 4.18203 12.9804 4.08691 12.9409C3.99178 12.9014 3.9055 12.8433 3.83313 12.7701C3.68634 12.6231 3.60388 12.4238 3.60388 12.2161C3.60388 12.0084 3.68634 11.8091 3.83313 11.6622L8.50507 6.99022L3.83313 2.31827C3.69467 2.16968 3.61928 1.97313 3.62287 1.77005C3.62645 1.56698 3.70872 1.37322 3.85234 1.22959C3.99596 1.08597 4.18972 1.00371 4.3928 1.00012C4.59588 0.996539 4.79242 1.07192 4.94102 1.21039L10.1669 6.43628C10.3137 6.58325 10.3962 6.78249 10.3962 6.99022C10.3962 7.19795 10.3137 7.39718 10.1669 7.54416L4.94102 12.7701C4.86865 12.8433 4.78237 12.9014 4.68724 12.9409C4.59212 12.9804 4.49007 13.0005 4.38708 13Z"
                          fill="currentColor"
                        />
                      </svg>
                    </chevronrighticon>
                  </li>
                  <li
                    class="p-breadcrumb-item"
                    data-pc-section="menuitem"
                    pc33=""
                    ptooltip=""
                  >
                    <a
                      class="p-breadcrumb-item-link"
                      href="/authors"
                      tabindex="0"
                    >
                      <span
                        class="p-breadcrumb-item-label"
                      >
                        Autores
                      </span>
                    </a>
                  </li>
                  <li
                    class="p-breadcrumb-separator"
                    data-pc-section="separator"
                  >
                    <chevronrighticon
                      class="p-component p-iconwrapper"
                      pc34=""
                    >
                      <svg
                        aria-hidden="true"
                        class="p-icon"
                        fill="none"
                        height="14"
                        viewBox="0 0 14 14"
                        width="14"
                        xmlns="http://www.w3.org/2000/svg"
                      >
                        <path
                          d="M4.38708 13C4.28408 13.0005 4.18203 12.9804 4.08691 12.9409C3.99178 12.9014 3.9055 12.8433 3.83313 12.7701C3.68634 12.6231 3.60388 12.4238 3.60388 12.2161C3.60388 12.0084 3.68634 11.8091 3.83313 11.6622L8.50507 6.99022L3.83313 2.31827C3.69467 2.16968 3.61928 1.97313 3.62287 1.77005C3.62645 1.56698 3.70872 1.37322 3.85234 1.22959C3.99596 1.08597 4.18972 1.00371 4.3928 1.00012C4.59588 0.996539 4.79242 1.07192 4.94102 1.21039L10.1669 6.43628C10.3137 6.58325 10.3962 6.78249 10.3962 6.99022C10.3962 7.19795 10.3137 7.39718 10.1669 7.54416L4.94102 12.7701C4.86865 12.8433 4.78237 12.9014 4.68724 12.9409C4.59212 12.9804 4.49007 13.0005 4.38708 13Z"
                          fill="currentColor"
                        />
                      </svg>
                    </chevronrighticon>
                  </li>
                  <li
                    class="text-xl font-bold p-breadcrumb-item"
                    data-pc-section="menuitem"
                    pc35=""
                    ptooltip=""
                  >
                    <a
                      class="p-breadcrumb-item-link"
                      tabindex="0"
                      target="undefined"
                    >
                      <span
                        class="p-breadcrumb-item-label"
                      >
                        Detalle
                      </span>
                    </a>
                  </li>
                </ol>
              </nav>
            </p-breadcrumb>
          </div>
          <small>
            Editado ahora mismo por 
            <strong>
              test
            </strong>
          </small>
        </div>
        <div
          class="flex flex-row gap-2 align-items-center"
        >
          <p-button
            icon="fas fa-trash"
            label="Eliminar"
            pc3=""
            severity="danger"
            size="small"
          >
            <button
              class="p-ripple p-button p-component p-button-danger p-button-text p-button-sm"
              data-pc-name="button"
              data-pc-section="root"
              pc19=""
              pc20=""
              pripple=""
              type="button"
            >
              <span
                class="fas fa-trash p-button-icon p-button-icon-left"
                data-pc-section="icon"
              />
              <span
                aria-hidden="false"
                class="p-button-label"
                data-pc-section="label"
              >
                Eliminar
              </span>
            </button>
          </p-button>
          <p-button
            icon="fas fa-pen"
            label="Editar"
            pc4=""
            severity="info"
            size="small"
            tabindex="0"
          >
            <button
              class="p-ripple p-button p-component p-button-info p-button-outlined p-button-sm"
              data-pc-name="button"
              data-pc-section="root"
              pc21=""
              pc22=""
              pripple=""
              type="button"
            >
              <span
                class="fas fa-pen p-button-icon p-button-icon-left"
                data-pc-section="icon"
              />
              <span
                aria-hidden="false"
                class="p-button-label"
                data-pc-section="label"
              >
                Editar
              </span>
            </button>
          </p-button>
          <p-button
            icon="fas fa-xmark"
            label="Salir"
            pc5=""
            severity="secondary"
            size="small"
            tabindex="0"
          >
            <button
              class="p-ripple p-button p-component p-button-secondary p-button-text p-button-sm"
              data-pc-name="button"
              data-pc-section="root"
              pc23=""
              pc24=""
              pripple=""
              type="button"
            >
              <span
                class="fas fa-xmark p-button-icon p-button-icon-left"
                data-pc-section="icon"
              />
              <span
                aria-hidden="false"
                class="p-button-label"
                data-pc-section="label"
              >
                Salir
              </span>
            </button>
          </p-button>
        </div>
      </div>
    </div>
    <div
      class="flex-1 p-4"
    >
      <p-tabs
        class="tab-selector p-tabs p-component"
        data-pc-name="tabs"
        id="pn_id_3"
        pc6=""
        value="detail"
      >
        <p-tablist
          class="p-tablist p-component"
          data-pc-name="tablist"
          pc7=""
        >
          <div
            class="p-tablist-content"
          >
            <div
              class="p-tablist-tab-list"
              role="tablist"
            >
              <p-tab
                aria-controls="pn_id_3_tabpanel_detail"
                aria-selected="true"
                class="p-ripple flex align-items-center gap-2 p-tab p-tab-active p-component"
                data-p-active="true"
                data-p-disabled="false"
                data-pc-name="tab"
                id="pn_id_3_tab_detail"
                pc8=""
                pc9=""
                role="tab"
                tabindex="0"
                value="detail"
              >
                <i
                  class="fas fa-circle-info"
                />
                <span>
                  Detalle
                </span>
              </p-tab>
              <p-tab
                aria-controls="pn_id_3_tabpanel_personal-data"
                aria-selected="false"
                class="p-ripple flex align-items-center gap-2 p-tab p-component"
                data-p-active="false"
                data-p-disabled="false"
                data-pc-name="tab"
                id="pn_id_3_tab_personal-data"
                pc10=""
                pc11=""
                role="tab"
                tabindex="-1"
                value="personal-data"
              >
                <i
                  class="fas fa-address-card"
                />
                <span>
                  Datos personales
                </span>
              </p-tab>
              <p-tab
                aria-controls="pn_id_3_tabpanel_data"
                aria-selected="false"
                class="p-ripple flex align-items-center gap-2 p-tab p-component"
                data-p-active="false"
                data-p-disabled="false"
                data-pc-name="tab"
                id="pn_id_3_tab_data"
                pc12=""
                pc13=""
                role="tab"
                tabindex="-1"
                value="data"
              >
                <i
                  class="fas fa-user-clock"
                />
                <span>
                  Datos
                </span>
              </p-tab>
              <span
                class="p-tablist-active-bar"
                data-pc-section="inkbar"
                role="presentation"
              />
            </div>
          </div>
          <button
            aria-label="Next"
            class="p-ripple p-tablist-nav-button p-tablist-next-button"
            data-pc-group-section="navigator"
            pc36=""
            pripple=""
            tabindex="0"
            type="button"
          >
            <chevronrighticon
              class="p-component p-iconwrapper"
              pc37=""
            >
              <svg
                aria-hidden="true"
                class="p-icon"
                fill="none"
                height="14"
                viewBox="0 0 14 14"
                width="14"
                xmlns="http://www.w3.org/2000/svg"
              >
                <path
                  d="M4.38708 13C4.28408 13.0005 4.18203 12.9804 4.08691 12.9409C3.99178 12.9014 3.9055 12.8433 3.83313 12.7701C3.68634 12.6231 3.60388 12.4238 3.60388 12.2161C3.60388 12.0084 3.68634 11.8091 3.83313 11.6622L8.50507 6.99022L3.83313 2.31827C3.69467 2.16968 3.61928 1.97313 3.62287 1.77005C3.62645 1.56698 3.70872 1.37322 3.85234 1.22959C3.99596 1.08597 4.18972 1.00371 4.3928 1.00012C4.59588 0.996539 4.79242 1.07192 4.94102 1.21039L10.1669 6.43628C10.3137 6.58325 10.3962 6.78249 10.3962 6.99022C10.3962 7.19795 10.3137 7.39718 10.1669 7.54416L4.94102 12.7701C4.86865 12.8433 4.78237 12.9014 4.68724 12.9409C4.59212 12.9804 4.49007 13.0005 4.38708 13Z"
                  fill="currentColor"
                />
              </svg>
            </chevronrighticon>
          </button>
        </p-tablist>
        <p-tabpanels
          class="p-tabpanels p-component"
          data-pc-name="tabpanels"
          pc14=""
          role="presentation"
        >
          <p-tabpanel
            aria-labelledby="pn_id_3_tab_detail"
            class="p-tabpanel p-component"
            data-p-active="true"
            data-pc-name="tabpanel"
            id="pn_id_3_tabpanel_detail"
            pc15=""
            role="tabpanel"
            value="detail"
          >
            <h3
              class="flex flex-row gap-2 text-green-400 text-2xl"
            >
              <fa-icon
                class="ng-fa-icon"
                icon="circle-info"
              >
                <svg
                  aria-hidden="true"
                  class="svg-inline--fa fa-circle-info"
                  data-icon="circle-info"
                  data-prefix="fas"
                  focusable="false"
                  role="img"
                  viewBox="0 0 512 512"
                  xmlns="http://www.w3.org/2000/svg"
                >
                  <path
                    d="M256 512a256 256 0 1 0 0-512 256 256 0 1 0 0 512zM224 160a32 32 0 1 1 64 0 32 32 0 1 1 -64 0zm-8 64l48 0c13.3 0 24 10.7 24 24l0 88 8 0c13.3 0 24 10.7 24 24s-10.7 24-24 24l-80 0c-13.3 0-24-10.7-24-24s10.7-24 24-24l24 0 0-64-24 0c-13.3 0-24-10.7-24-24s10.7-24 24-24z"
                    fill="currentColor"
                  />
                </svg>
              </fa-icon>
              <span>
                Detalle
              </span>
            </h3>
            <div
              class="col-12 grid align-content-start"
            >
              <div
                class="col-12 lg:col-8 grid"
              >
                <div
                  class="col-12 lg:col-6 flex flex-column gap-2 mb-3"
                >
                  <span
                    class="text-base font-bold text-green-600"
                  >
                    Nombre
                  </span>
                  <app-btn-copy
                    title="Nombre"
                  >
                    <div
                      class="flex flex-row gap-3 align-items-center"
                    >
                      <span
                        class="text-lg"
                      >
                        William Shakespeare
                      </span>
                      <p-button
                        icon="fas fa-copy"
                        pc25=""
                        severity="secondary"
                        size="small"
                      >
                        <button
                          class="p-ripple p-button p-component p-button-icon-only p-button-secondary p-button-text p-button-sm"
                          data-pc-name="button"
                          data-pc-section="root"
                          pc26=""
                          pc27=""
                          pripple=""
                          type="button"
                        >
                          <span
                            class="fas fa-copy p-button-icon"
                            data-pc-section="icon"
                          />
                        </button>
                      </p-button>
                    </div>
                  </app-btn-copy>
                </div>
                <div
                  class="col-12 lg:col-6 flex flex-column gap-2 mb-3"
                >
                  <span
                    class="text-base font-bold text-green-600"
                  >
                    Nombre real
                  </span>
                  <app-btn-copy
                    title="Nombre real"
                  >
                    <div
                      class="flex flex-row gap-3 align-items-center"
                    >
                      <span
                        class="text-lg"
                      >
                        William Shakespeare
                      </span>
                      <p-button
                        icon="fas fa-copy"
                        pc28=""
                        severity="secondary"
                        size="small"
                      >
                        <button
                          class="p-ripple p-button p-component p-button-icon-only p-button-secondary p-button-text p-button-sm"
                          data-pc-name="button"
                          data-pc-section="root"
                          pc29=""
                          pc30=""
                          pripple=""
                          type="button"
                        >
                          <span
                            class="fas fa-copy p-button-icon"
                            data-pc-section="icon"
                          />
                        </button>
                      </p-button>
                    </div>
                  </app-btn-copy>
                </div>
                <div
                  class="col-12 lg:col-6 flex flex-column gap-2 mb-3"
                >
                  <span
                    class="text-base font-bold text-green-600"
                  >
                    Géneros
                  </span>
                  <span
                    class="text-lg"
                  >
                    Tragedy, Comedy, History
                  </span>
                </div>
              </div>
              <div
                class="col-12 lg:col-4 flex flex-row justify-content-end"
              >
                <img
                  alt="William Shakespeare"
                  class="shadow-2 mr-4 img-cover border-round"
                  height="160"
                  src="https://example.com/shakespeare.jpg"
                />
              </div>
            </div>
            <div
              class="col-12 grid align-content-start"
            >
              <div
                class="col-12 flex flex-column gap-2 mb-3"
              >
                <span
                  class="text-base font-bold text-green-600"
                >
                  Biografía
                </span>
                <span
                  class="text-lg"
                >
                  William Shakespeare was an English playwright, poet, and actor.
                </span>
              </div>
            </div>
          </p-tabpanel>
          <p-tabpanel
            aria-labelledby="pn_id_3_tab_personal-data"
            class="p-tabpanel p-component"
            data-p-active="false"
            data-pc-name="tabpanel"
            id="pn_id_3_tabpanel_personal-data"
            pc16=""
            role="tabpanel"
            value="personal-data"
          >
          </p-tabpanel>
          <p-tabpanel
            aria-labelledby="pn_id_3_tab_data"
            class="p-tabpanel p-component"
            data-p-active="false"
            data-pc-name="tabpanel"
            id="pn_id_3_tabpanel_data"
            pc17=""
            role="tabpanel"
            value="data"
          >
          </p-tabpanel>
        </p-tabpanels>
      </p-tabs>
    </div>
  </div>
</ng-component>
`;
